// Jest Snapshot v1, https://goo.gl/fbAQLP

exports[`components/Container matches snapshot 1`] = `
<DocumentFragment>
  <div
    class="c-fdHeMm c-fdHeMm-jkLaoV-px-sm c-fdHeMm-hVxVNe-responsive-true decaContainer-root"
  />
</DocumentFragment>
`;
