// Jest Snapshot v1, https://goo.gl/fbAQLP

exports[`components/DecaUIProvider matches snapshot 1`] = `
<DocumentFragment>
  <div
    class="c-PJLV t-eTjxBP"
    id="decaUI-provider"
  />
</DocumentFragment>
`;
